// Jest Snapshot v1, https://goo.gl/fbAQLP

exports[`documents starting with --- renders leading --- as horizontal rule 1`] = `
<hr>
<p>
  {{bad}}
  <br>
  Content
</p>
`;
